// Jest Snapshot v1, https://goo.gl/fbAQLP

exports[`<Breadcrumbs /> should match snapshot 1`] = `
<nav
  className="breadcrumbs"
>
  <ul
    className="breadcrumbs__list"
  >
    <li
      className="breadcrumbs__item"
    >
      <a
        aria-current={null}
        className="breadcrumbs__link"
        href="/films/3"
        onClick={[Function]}
      >
        Johnny English
      </a>
    </li>
    <li
      className="breadcrumbs__item"
    >
      <a
        className="breadcrumbs__link"
      >
        Add review
      </a>
    </li>
  </ul>
</nav>
`;
