// Jest Snapshot v1, https://goo.gl/fbAQLP

exports[`<PrivateRoute /> should match snapshot 1`] = `
<h1>
  Header
</h1>
`;
