// Jest Snapshot v1, https://goo.gl/fbAQLP

exports[`<UserProfile /> should match snapshot 1`] = `
<div
  className="user-block"
>
  <div
    className="user-block__avatar"
  >
    <a
      href="/mylist"
      onClick={[Function]}
    >
      <img
        alt="User avatar"
        height="63"
        src="/img/avatar.jpg"
        width="63"
      />
    </a>
  </div>
</div>
`;
