// Jest Snapshot v1, https://goo.gl/fbAQLP

exports[`<MovieCardFullOverView /> should movie full card overview to match snapshot 1`] = `
Array [
  <div
    className="movie-rating"
  >
    <div
      className="movie-rating__score"
    >
      3
    </div>
    <p
      className="movie-rating__meta"
    >
      <span
        className="movie-rating__level"
      >
        Bad
      </span>
      <span
        className="movie-rating__count"
      >
        349 ratings
      </span>
    </p>
  </div>,
  <div
    className="movie-card__text"
  >
    In the 1930s, the Grand Budapest Hotel is a populaâ€¦y boy, becomes Gustave&apos;s friend and protege.
    <p
      className="movie-card__director"
    >
      <strong>
        Director: 
        Wes Anderson
      </strong>
    </p>
    <p
      className="movie-card__starring"
    >
      <strong>
        Starring: 
        Jude Law, Willem Dafoe
      </strong>
    </p>
  </div>,
]
`;
