// Jest Snapshot v1, https://goo.gl/fbAQLP

exports[`withVideoPlayer is rendered correctly 1`] = `
<video
  autoPlay={false}
  controls={false}
  height="175"
  width="280"
/>
`;
