// Jest Snapshot v1, https://goo.gl/fbAQLP

exports[`<VideoPlayer /> should render correctly 1`] = `
<video
  autoPlay={false}
  controls={false}
  height={175}
  preload="metadata"
  width={280}
/>
`;
