// Jest Snapshot v1, https://goo.gl/fbAQLP

exports[`<MovieCard /> should render Big Bang Theory movie 1`] = `
<article
  className="small-movie-card catalog__movies-card"
  onMouseEnter={[Function]}
>
  <div
    className="small-movie-card__image"
    onClick={[Function]}
  >
    <img
      alt="Dardjeeling Limited"
      height="175"
      src="img/we-need-to-talk-about-kevin.jpg"
      width="280"
    />
  </div>
  <h3
    className="small-movie-card__title"
    onClick={[Function]}
  >
    <a
      className="small-movie-card__link"
      href="movie-page.html"
    >
      Dardjeeling Limited
    </a>
  </h3>
</article>
`;
