// Jest Snapshot v1, https://goo.gl/fbAQLP

exports[`<MovieCardFullMenu /> should match snapshot 1`] = `
<nav
  className="movie-nav movie-card__nav"
>
  <ul
    className="movie-nav__list"
  >
    <li
      className="movie-nav__item movie-nav__item--active"
    >
      <a
        className="movie-nav__link"
        href="#"
        onClick={[Function]}
      >
        Tab1
      </a>
    </li>
    <li
      className="movie-nav__item "
    >
      <a
        className="movie-nav__link"
        href="#"
        onClick={[Function]}
      >
        Tab2
      </a>
    </li>
    <li
      className="movie-nav__item "
    >
      <a
        className="movie-nav__link"
        href="#"
        onClick={[Function]}
      >
        Tab3
      </a>
    </li>
  </ul>
</nav>
`;
