// Jest Snapshot v1, https://goo.gl/fbAQLP

exports[`<GenreFilterItem /> should match snapshot 1`] = `
<li
  className="catalog__genres-item catalog__genres-item--active"
>
  <a
    className="catalog__genres-link"
    href="#"
    onClick={[Function]}
  >
    Thriller
  </a>
</li>
`;
